git
Lalit@Lalitgiripc MINGW64 ~/Desktop/git rapo (master)
$ git rm lalit.txt
rm 'lalit.txt'

Lalit@Lalitgiripc MINGW64 ~/Desktop/git rapo (master)
$ git clone https://github.com/opencv/opencv.git
Cloning into 'opencv'...
remote: Enumerating objects: 47, done.
remote: Counting objects: 100% (47/47), done.
remote: Compressing objects: 100% (37/37), done.
remote: Total 269059 (delta 18), reused 25 (delta 10), pack-reused 269012
Receiving objects: 100% (269059/269059), 467.63 MiB | 1.41 MiB/s, done.
Resolving deltas: 100% (187668/187668), done.
Updating files: 100% (6132/6132), done.

Lalit@Lalitgiripc MINGW64 ~/Desktop/git rapo (master)
$ touch error.log



Lalit@Lalitgiripc MINGW64 ~/Desktop/git rapo (master)
$ touch .gitignore


Lalit@Lalitgiripc MINGW64 ~/Desktop/git rapo (master)
$

Lalit@Lalitgiripc MINGW64 ~/Desktop/git rapo (master)
$ touch lalit.log

Lalit@Lalitgiripc MINGW64 ~/Desktop/git rapo (master)
$ git status
On branch master
Changes to be committed:
  (use "git restore --staged <file>..." to unstage)
        deleted:    comiit2.txt
        deleted:    lalit.txt

Untracked files:
  (use "git add <file>..." to include in what will be committed)
        .gitignore
        .gitlalit.log
        .payal.log
        error.log
        gitignore
        lalit.log
        opencv/
        payal.log


Lalit@Lalitgiripc MINGW64 ~/Desktop/git rapo (master)
$ git status
On branch master
Changes to be committed:
  (use "git restore --staged <file>..." to unstage)
        deleted:    comiit2.txt
        deleted:    lalit.txt

Untracked files:
  (use "git add <file>..." to include in what will be committed)
        .gitignore
        .gitlalit.log
        .payal.log
        error.log
        gitignore
        lalit.log
        opencv/
        payal.log


Lalit@Lalitgiripc MINGW64 ~/Desktop/git rapo (master)
$ git status
On branch master
Changes to be committed:
  (use "git restore --staged <file>..." to unstage)
        deleted:    comiit2.txt
        deleted:    lalit.txt

Untracked files:
  (use "git add <file>..." to include in what will be committed)
        .gitignore
        .gitlalit.log
        .payal.log
        gitignore
        lalit.log
        opencv/
        payal.log



